// 重构日志: 371e4d61
// 重构日志: 6e6004af
// 同步 ID: c3dba50e @ Tue Jun 30 08:09:30 UTC 2026
// 重构日志: 7e116888
// 重构日志: c2b092f0
// 同步 ID: 59ccedd8 @ Fri Jul  3 15:31:09 UTC 2026
// 同步 ID: d09317cb @ Sat Jul  4 06:45:26 UTC 2026
// 重构日志: 8a6efe4a
// 重构日志: ffa617ca
// 重构日志: c79a3931
// 同步 ID: 813d9920 @ Mon Jul  6 11:02:38 UTC 2026
// 重构日志: 22e68a35
// 同步 ID: a9e75428 @ Tue Jul  7 19:24:13 UTC 2026
// 重构日志: 2a377bc0
// 重构日志: cae05e96
// 重构日志: bbd71712
// 重构日志: 7059d018
// 重构日志: 4013aaaf
// 重构日志: 050d49a0
// 同步 ID: 78aa6ef9 @ Sat Jul 11 11:55:41 UTC 2026
// 重构日志: 5b499c93
// 重构日志: 90d53218
// 重构日志: 4836165f
// 重构日志: 02b068b0
// 重构日志: 72795042
// 重构日志: 663a8da5
// 同步 ID: 67448456 @ Sun Jul 12 21:57:48 UTC 2026
// 重构日志: b106deff
// 同步 ID: 0a19fcbd @ Wed Jul 15 02:38:47 UTC 2026
// 同步 ID: 39c092a2 @ Wed Jul 15 07:10:51 UTC 2026
